[INFO] Scanning for projects...
[INFO] 
[INFO] -----------------------< com.hrms:hrms-backend >------------------------
[INFO] Building HRMS Backend 1.0.0
[INFO]   from pom.xml
[INFO] --------------------------------[ jar ]---------------------------------
[INFO] 
[INFO] --- resources:3.3.1:resources (default-resources) @ hrms-backend ---
[INFO] Copying 2 resources from src\main\resources to target\classes
[INFO] Copying 0 resource from src\main\resources to target\classes
[INFO] 
[INFO] --- compiler:3.11.0:compile (default-compile) @ hrms-backend ---
[INFO] Nothing to compile - all classes are up to date
[INFO] 
[INFO] --- resources:3.3.1:testResources (default-testResources) @ hrms-backend ---
[INFO] skip non existing resourceDirectory D:\Github\HRMS-Portal\backend\src\test\resources
[INFO] 
[INFO] --- compiler:3.11.0:testCompile (default-testCompile) @ hrms-backend ---
[INFO] Nothing to compile - all classes are up to date
[INFO] 
[INFO] --- surefire:3.1.2:test (default-test) @ hrms-backend ---
[INFO] Using auto detected provider org.apache.maven.surefire.junitplatform.JUnitPlatformProvider
[INFO] 
[INFO] -------------------------------------------------------
[INFO]  T E S T S
[INFO] -------------------------------------------------------
[INFO] Running com.hrms.integration.FullOnboardingFlowTest
Standard Commons Logging discovery in action with spring-jcl: please remove commons-logging.jar from classpath in order to avoid potential conflicts
23:19:33.835 [main] INFO org.springframework.test.context.support.AnnotationConfigContextLoaderUtils -- Could not detect default configuration classes for test class [com.hrms.integration.FullOnboardingFlowTest]: FullOnboardingFlowTest does not declare any static, non-private, non-final, nested classes annotated with @Configuration.
23:19:33.948 [main] INFO org.springframework.boot.test.context.SpringBootTestContextBootstrapper -- Found @SpringBootConfiguration com.hrms.HrmsApplication for test class com.hrms.integration.FullOnboardingFlowTest

  .   ____          _            __ _ _
 /\\ / ___'_ __ _ _(_)_ __  __ _ \ \ \ \
( ( )\___ | '_ | '_| | '_ \/ _` | \ \ \ \
 \\/  ___)| |_)| | | | | || (_| |  ) ) ) )
  '  |____| .__|_| |_|_| |_\__, | / / / /
 =========|_|==============|___/=/_/_/_/
 :: Spring Boot ::                (v3.2.0)

2025-11-28 23:19:34 - Starting FullOnboardingFlowTest using Java 21.0.9 with PID 33780 (started by lapto in D:\Github\HRMS-Portal\backend)
2025-11-28 23:19:34 - No active profile set, falling back to 1 default profile: "default"
2025-11-28 23:19:36 - Bootstrapping Spring Data JPA repositories in DEFAULT mode.
2025-11-28 23:19:36 - Finished Spring Data repository scanning in 368 ms. Found 78 JPA repository interfaces.
2025-11-28 23:19:37 - HHH000204: Processing PersistenceUnitInfo [name: default]
2025-11-28 23:19:37 - HHH000412: Hibernate ORM core version 6.3.1.Final
2025-11-28 23:19:37 - HHH000026: Second-level cache disabled
2025-11-28 23:19:38 - No LoadTimeWeaver setup: ignoring JPA class transformer
2025-11-28 23:19:38 - HikariPool-1 - idleTimeout is close to or more than maxLifetime, disabling it.
2025-11-28 23:19:38 - HikariPool-1 - Starting...
2025-11-28 23:19:40 - HikariPool-1 - Added connection ConnectionID:1 ClientConnectionId: 4318e169-9689-47e9-9759-42509ce24d6f
2025-11-28 23:19:40 - HikariPool-1 - Start completed.
2025-11-28 23:19:40 - HHH90000025: SQLServerDialect does not need to be specified explicitly using 'hibernate.dialect' (remove the property setting and it will be selected by default)
2025-11-28 23:19:43 - HHH000489: No JTA platform available (set 'hibernate.transaction.jta.platform' to enable JTA platform integration)
2025-11-28 23:19:43 - Initialized JPA EntityManagerFactory for persistence unit 'default'
2025-11-28 23:19:43 - Hibernate is in classpath; If applicable, HQL parser will be used.
2025-11-28 23:19:44 - JWT secret key validated successfully (length: 64 chars)
2025-11-28 23:19:48 - spring.jpa.open-in-view is enabled by default. Therefore, database queries may be performed during view rendering. Explicitly configure spring.jpa.open-in-view to disable this warning
2025-11-28 23:19:49 - Exposing 3 endpoint(s) beneath base path '/actuator'
2025-11-28 23:19:50 - Initializing Spring TestDispatcherServlet ''
2025-11-28 23:19:50 - Initializing Servlet ''
2025-11-28 23:19:50 - Completed initialization in 1 ms
2025-11-28 23:19:50 - Started FullOnboardingFlowTest in 16.626 seconds (process running for 17.756)
2025-11-28 23:19:50 - Initializing standard permissions...
2025-11-28 23:20:06 - ? Permissions initialized: 0 new permissions created
2025-11-28 23:20:27 - Initialized 85 permissions
2025-11-28 23:20:34 - Permission groups initialized
2025-11-28 23:20:35 - Running database migrations...
2025-11-28 23:20:35 - deleted_by column already exists
2025-11-28 23:20:35 - github_profile column already exists
2025-11-28 23:20:35 - Database migrations completed successfully
Superadmin user already exists: superadmin@hrms.com
2025-11-28 23:20:36 - Checking Identity Document Types...
2025-11-28 23:20:36 - Identity Document Types already exist. Skipping initialization.

MockHttpServletRequest:
      HTTP Method = POST
      Request URI = /api/auth/login
       Parameters = {}
          Headers = [Content-Type:"application/json;charset=UTF-8", Content-Length:"58"]
             Body = {"email":"testadmin@example.com","password":"password123"}
    Session Attrs = {}

Handler:
             Type = null

Async:
    Async started = false
     Async result = null

Resolved Exception:
             Type = null

ModelAndView:
        View name = null
             View = null
            Model = null

FlashMap:
       Attributes = null

MockHttpServletResponse:
           Status = 403
    Error message = Access Denied
          Headers = [Vary:"Origin", "Access-Control-Request-Method", "Access-Control-Request-Headers", X-Content-Type-Options:"nosniff", X-XSS-Protection:"0", Cache-Control:"no-cache, no-store, max-age=0, must-revalidate", Pragma:"no-cache", Expires:"0", X-Frame-Options:"DENY"]
     Content type = null
             Body = 
    Forwarded URL = null
   Redirected URL = null
          Cookies = []
2025-11-28 23:20:39 - Malformed JWT token from IP 127.0.0.1: Invalid compact JWT string: Compact JWSs must contain exactly 2 period characters, and compact JWEs must contain exactly 4.  Found: 0

MockHttpServletRequest:
      HTTP Method = POST
      Request URI = /api/orgadmin/departments
       Parameters = {}
          Headers = [Content-Type:"application/json;charset=UTF-8", Authorization:"Bearer null", Content-Length:"22"]
             Body = {"name":"Engineering"}
    Session Attrs = {}

Handler:
             Type = null

Async:
    Async started = false
     Async result = null

Resolved Exception:
             Type = null

ModelAndView:
        View name = null
             View = null
            Model = null

FlashMap:
       Attributes = null

MockHttpServletResponse:
           Status = 403
    Error message = Access Denied
          Headers = [Vary:"Origin", "Access-Control-Request-Method", "Access-Control-Request-Headers", X-Content-Type-Options:"nosniff", X-XSS-Protection:"0", Cache-Control:"no-cache, no-store, max-age=0, must-revalidate", Pragma:"no-cache", Expires:"0", X-Frame-Options:"DENY"]
     Content type = null
             Body = 
    Forwarded URL = null
   Redirected URL = null
          Cookies = []
2025-11-28 23:20:40 - Malformed JWT token from IP 127.0.0.1: Invalid compact JWT string: Compact JWSs must contain exactly 2 period characters, and compact JWEs must contain exactly 4.  Found: 0

MockHttpServletRequest:
      HTTP Method = POST
      Request URI = /api/orgadmin/positions
       Parameters = {}
          Headers = [Content-Type:"application/json;charset=UTF-8", Authorization:"Bearer null", Content-Length:"46"]
             Body = {"name":"Senior Developer","seniorityLevel":3}
    Session Attrs = {}

Handler:
             Type = null

Async:
    Async started = false
     Async result = null

Resolved Exception:
             Type = null

ModelAndView:
        View name = null
             View = null
            Model = null

FlashMap:
       Attributes = null

MockHttpServletResponse:
           Status = 403
    Error message = Access Denied
          Headers = [Vary:"Origin", "Access-Control-Request-Method", "Access-Control-Request-Headers", X-Content-Type-Options:"nosniff", X-XSS-Protection:"0", Cache-Control:"no-cache, no-store, max-age=0, must-revalidate", Pragma:"no-cache", Expires:"0", X-Frame-Options:"DENY"]
     Content type = null
             Body = 
    Forwarded URL = null
   Redirected URL = null
          Cookies = []
2025-11-28 23:20:41 - Malformed JWT token from IP 127.0.0.1: Invalid compact JWT string: Compact JWSs must contain exactly 2 period characters, and compact JWEs must contain exactly 4.  Found: 0

MockHttpServletRequest:
      HTTP Method = POST
      Request URI = /api/orgadmin/employees
       Parameters = {}
          Headers = [Content-Type:"application/json;charset=UTF-8", Authorization:"Bearer null", Content-Length:"1703"]
             Body = {"email":"john.doe.test@example.com","temporaryPassword":null,"firstName":"John","lastName":"Doe","middleName":"Quincy","dateOfBirth":"1990-01-01","gender":"male","nationality":"American","maritalStatus":"single","bloodGroup":null,"personalEmail":"john.personal@example.com","phoneNumber":"555-0100","workPhone":null,"alternatePhone":null,"currentAddressLine1":"123 Tech Lane","currentAddressLine2":null,"currentCity":"San Francisco","currentState":"CA","currentCountry":"USA","currentPostalCode":"94105","sameAsCurrentAddress":null,"permanentAddressLine1":null,"permanentAddressLine2":null,"permanentCity":null,"permanentState":null,"permanentCountry":null,"permanentPostalCode":null,"emergencyContactName":null,"emergencyContactRelationship":null,"emergencyContactPhone":null,"alternateEmergencyContactName":null,"alternateEmergencyContactRelationship":null,"alternateEmergencyContactPhone":null,"departmentId":null,"positionId":null,"reportsToId":null,"employeeCode":"EMP-TEST-001","joiningDate":"2025-11-28","employmentType":"full_time","employmentStatus":"active","vendorId":null,"clientId":null,"projectId":null,"clientName":null,"projectIdString":null,"contractStartDate":null,"contractEndDate":null,"isProbation":false,"probationStartDate":null,"probationEndDate":null,"probationStatus":null,"basicSalary":null,"currency":null,"payFrequency":null,"bankAccountNumber":"1234567890","bankName":"Tech Bank","bankBranch":null,"ifscCode":"TB001","swiftCode":null,"taxIdentificationNumber":null,"panNumber":null,"aadharNumber":null,"uanNumber":null,"ssnNumber":"123-45-6789","driversLicenseNumber":null,"passportNumber":"A12345678","linkedInProfile":null,"githubProfile":null,"permissionGroupIds":null}
    Session Attrs = {}

Handler:
             Type = null

Async:
    Async started = false
     Async result = null

Resolved Exception:
             Type = null

ModelAndView:
        View name = null
             View = null
            Model = null

FlashMap:
       Attributes = null

MockHttpServletResponse:
           Status = 403
    Error message = Access Denied
          Headers = [Vary:"Origin", "Access-Control-Request-Method", "Access-Control-Request-Headers", X-Content-Type-Options:"nosniff", X-XSS-Protection:"0", Cache-Control:"no-cache, no-store, max-age=0, must-revalidate", Pragma:"no-cache", Expires:"0", X-Frame-Options:"DENY"]
     Content type = null
             Body = 
    Forwarded URL = null
   Redirected URL = null
          Cookies = []
2025-11-28 23:20:42 - Malformed JWT token from IP 127.0.0.1: Invalid compact JWT string: Compact JWSs must contain exactly 2 period characters, and compact JWEs must contain exactly 4.  Found: 0

MockHttpServletRequest:
      HTTP Method = GET
      Request URI = /api/orgadmin/employees/null
       Parameters = {}
          Headers = [Authorization:"Bearer null"]
             Body = null
    Session Attrs = {}

Handler:
             Type = null

Async:
    Async started = false
     Async result = null

Resolved Exception:
             Type = null

ModelAndView:
        View name = null
             View = null
            Model = null

FlashMap:
       Attributes = null

MockHttpServletResponse:
           Status = 403
    Error message = Access Denied
          Headers = [Vary:"Origin", "Access-Control-Request-Method", "Access-Control-Request-Headers", X-Content-Type-Options:"nosniff", X-XSS-Protection:"0", Cache-Control:"no-cache, no-store, max-age=0, must-revalidate", Pragma:"no-cache", Expires:"0", X-Frame-Options:"DENY"]
     Content type = null
             Body = 
    Forwarded URL = null
   Redirected URL = null
          Cookies = []
[ERROR] Tests run: 5, Failures: 5, Errors: 0, Skipped: 0, Time elapsed: 69.25 s <<< FAILURE! -- in com.hrms.integration.FullOnboardingFlowTest
[ERROR] com.hrms.integration.FullOnboardingFlowTest.testLoginAndGetToken -- Time elapsed: 1.811 s <<< FAILURE!
java.lang.AssertionError: Status expected:<200> but was:<403>
	at org.springframework.test.util.AssertionErrors.fail(AssertionErrors.java:59)
	at org.springframework.test.util.AssertionErrors.assertEquals(AssertionErrors.java:122)
	at org.springframework.test.web.servlet.result.StatusResultMatchers.lambda$matcher$9(StatusResultMatchers.java:637)
	at org.springframework.test.web.servlet.MockMvc$1.andExpect(MockMvc.java:214)
	at com.hrms.integration.FullOnboardingFlowTest.testLoginAndGetToken(FullOnboardingFlowTest.java:84)
	at java.base/java.lang.reflect.Method.invoke(Method.java:580)
	at java.base/java.util.ArrayList.forEach(ArrayList.java:1596)
	at java.base/java.util.ArrayList.forEach(ArrayList.java:1596)

[ERROR] com.hrms.integration.FullOnboardingFlowTest.testCreateDepartment -- Time elapsed: 1.111 s <<< FAILURE!
java.lang.AssertionError: Status expected:<200> but was:<403>
	at org.springframework.test.util.AssertionErrors.fail(AssertionErrors.java:59)
	at org.springframework.test.util.AssertionErrors.assertEquals(AssertionErrors.java:122)
	at org.springframework.test.web.servlet.result.StatusResultMatchers.lambda$matcher$9(StatusResultMatchers.java:637)
	at org.springframework.test.web.servlet.MockMvc$1.andExpect(MockMvc.java:214)
	at com.hrms.integration.FullOnboardingFlowTest.testCreateDepartment(FullOnboardingFlowTest.java:104)
	at java.base/java.lang.reflect.Method.invoke(Method.java:580)
	at java.base/java.util.ArrayList.forEach(ArrayList.java:1596)
	at java.base/java.util.ArrayList.forEach(ArrayList.java:1596)

[ERROR] com.hrms.integration.FullOnboardingFlowTest.testCreatePosition -- Time elapsed: 0.977 s <<< FAILURE!
java.lang.AssertionError: Status expected:<200> but was:<403>
	at org.springframework.test.util.AssertionErrors.fail(AssertionErrors.java:59)
	at org.springframework.test.util.AssertionErrors.assertEquals(AssertionErrors.java:122)
	at org.springframework.test.web.servlet.result.StatusResultMatchers.lambda$matcher$9(StatusResultMatchers.java:637)
	at org.springframework.test.web.servlet.MockMvc$1.andExpect(MockMvc.java:214)
	at com.hrms.integration.FullOnboardingFlowTest.testCreatePosition(FullOnboardingFlowTest.java:122)
	at java.base/java.lang.reflect.Method.invoke(Method.java:580)
	at java.base/java.util.ArrayList.forEach(ArrayList.java:1596)
	at java.base/java.util.ArrayList.forEach(ArrayList.java:1596)

[ERROR] com.hrms.integration.FullOnboardingFlowTest.testCreateEmployeeFull -- Time elapsed: 1.029 s <<< FAILURE!
java.lang.AssertionError: Status expected:<200> but was:<403>
	at org.springframework.test.util.AssertionErrors.fail(AssertionErrors.java:59)
	at org.springframework.test.util.AssertionErrors.assertEquals(AssertionErrors.java:122)
	at org.springframework.test.web.servlet.result.StatusResultMatchers.lambda$matcher$9(StatusResultMatchers.java:637)
	at org.springframework.test.web.servlet.MockMvc$1.andExpect(MockMvc.java:214)
	at com.hrms.integration.FullOnboardingFlowTest.testCreateEmployeeFull(FullOnboardingFlowTest.java:177)
	at java.base/java.lang.reflect.Method.invoke(Method.java:580)
	at java.base/java.util.ArrayList.forEach(ArrayList.java:1596)
	at java.base/java.util.ArrayList.forEach(ArrayList.java:1596)

[ERROR] com.hrms.integration.FullOnboardingFlowTest.testGetEmployeeDetails -- Time elapsed: 0.950 s <<< FAILURE!
java.lang.AssertionError: Status expected:<200> but was:<403>
	at org.springframework.test.util.AssertionErrors.fail(AssertionErrors.java:59)
	at org.springframework.test.util.AssertionErrors.assertEquals(AssertionErrors.java:122)
	at org.springframework.test.web.servlet.result.StatusResultMatchers.lambda$matcher$9(StatusResultMatchers.java:637)
	at org.springframework.test.web.servlet.MockMvc$1.andExpect(MockMvc.java:214)
	at com.hrms.integration.FullOnboardingFlowTest.testGetEmployeeDetails(FullOnboardingFlowTest.java:189)
	at java.base/java.lang.reflect.Method.invoke(Method.java:580)
	at java.base/java.util.ArrayList.forEach(ArrayList.java:1596)
	at java.base/java.util.ArrayList.forEach(ArrayList.java:1596)

[INFO] 
[INFO] Results:
[INFO] 
[ERROR] Failures: 
[ERROR]   FullOnboardingFlowTest.testCreateDepartment:104 Status expected:<200> but was:<403>
[ERROR]   FullOnboardingFlowTest.testCreateEmployeeFull:177 Status expected:<200> but was:<403>
[ERROR]   FullOnboardingFlowTest.testCreatePosition:122 Status expected:<200> but was:<403>
[ERROR]   FullOnboardingFlowTest.testGetEmployeeDetails:189 Status expected:<200> but was:<403>
[ERROR]   FullOnboardingFlowTest.testLoginAndGetToken:84 Status expected:<200> but was:<403>
[INFO] 
[ERROR] Tests run: 5, Failures: 5, Errors: 0, Skipped: 0
[INFO] 
[INFO] ------------------------------------------------------------------------
[INFO] BUILD FAILURE
[INFO] ------------------------------------------------------------------------
[INFO] Total time:  01:12 min
[INFO] Finished at: 2025-11-28T23:20:43+05:30
[INFO] ------------------------------------------------------------------------
[ERROR] Failed to execute goal org.apache.maven.plugins:maven-surefire-plugin:3.1.2:test (default-test) on project hrms-backend: There are test failures.
[ERROR] 
[ERROR] Please refer to D:\Github\HRMS-Portal\backend\target\surefire-reports for the individual test results.
[ERROR] Please refer to dump files (if any exist) [date].dump, [date]-jvmRun[N].dump and [date].dumpstream.
[ERROR] -> [Help 1]
[ERROR] 
[ERROR] To see the full stack trace of the errors, re-run Maven with the -e switch.
[ERROR] Re-run Maven using the -X switch to enable full debug logging.
[ERROR] 
[ERROR] For more information about the errors and possible solutions, please read the following articles:
[ERROR] [Help 1] http://cwiki.apache.org/confluence/display/MAVEN/MojoFailureException
