[INFO] Scanning for projects...
[INFO] 
[INFO] -----------------------< com.hrms:hrms-backend >------------------------
[INFO] Building HRMS Backend 1.0.0
[INFO]   from pom.xml
[INFO] --------------------------------[ jar ]---------------------------------
[INFO] 
[INFO] --- resources:3.3.1:resources (default-resources) @ hrms-backend ---
[INFO] Copying 2 resources from src\main\resources to target\classes
[INFO] Copying 0 resource from src\main\resources to target\classes
[INFO] 
[INFO] --- compiler:3.11.0:compile (default-compile) @ hrms-backend ---
[INFO] Nothing to compile - all classes are up to date
[INFO] 
[INFO] --- resources:3.3.1:testResources (default-testResources) @ hrms-backend ---
[INFO] Copying 1 resource from src\test\resources to target\test-classes
[INFO] 
[INFO] --- compiler:3.11.0:testCompile (default-testCompile) @ hrms-backend ---
[INFO] Changes detected - recompiling the module! :source
[INFO] Compiling 5 source files with javac [debug release 21] to target\test-classes
[INFO] Annotation processing is enabled because one or more processors were found
  on the class path. A future release of javac may disable annotation processing
  unless at least one processor is specified by name (-processor), or a search
  path is specified (--processor-path, --processor-module-path), or annotation
  processing is enabled explicitly (-proc:only, -proc:full).
  Use -Xlint:-options to suppress this message.
  Use -proc:none to disable annotation processing.
[INFO] -------------------------------------------------------------
[ERROR] COMPILATION ERROR : 
[INFO] -------------------------------------------------------------
[ERROR] /D:/Github/HRMS-Portal/backend/src/test/java/com/hrms/integration/FullOnboardingFlowTest.java:[17,13] unnamed classes are a preview feature and are disabled by default.
  (use --enable-preview to enable unnamed classes)
[ERROR] /D:/Github/HRMS-Portal/backend/src/test/java/com/hrms/integration/FullOnboardingFlowTest.java:[185,1] class, interface, enum, or record expected
[ERROR] /D:/Github/HRMS-Portal/backend/src/test/java/com/hrms/integration/FullOnboardingFlowTest.java:[1,1] unnamed class should not have package declaration
[INFO] 3 errors 
[INFO] -------------------------------------------------------------
[INFO] ------------------------------------------------------------------------
[INFO] BUILD FAILURE
[INFO] ------------------------------------------------------------------------
[INFO] Total time:  3.310 s
[INFO] Finished at: 2025-11-29T01:01:43+05:30
[INFO] ------------------------------------------------------------------------
[ERROR] Failed to execute goal org.apache.maven.plugins:maven-compiler-plugin:3.11.0:testCompile (default-testCompile) on project hrms-backend: Compilation failure: Compilation failure: 
[ERROR] /D:/Github/HRMS-Portal/backend/src/test/java/com/hrms/integration/FullOnboardingFlowTest.java:[17,13] unnamed classes are a preview feature and are disabled by default.
[ERROR]   (use --enable-preview to enable unnamed classes)
[ERROR] /D:/Github/HRMS-Portal/backend/src/test/java/com/hrms/integration/FullOnboardingFlowTest.java:[185,1] class, interface, enum, or record expected
[ERROR] /D:/Github/HRMS-Portal/backend/src/test/java/com/hrms/integration/FullOnboardingFlowTest.java:[1,1] unnamed class should not have package declaration
[ERROR] -> [Help 1]
[ERROR] 
[ERROR] To see the full stack trace of the errors, re-run Maven with the -e switch.
[ERROR] Re-run Maven using the -X switch to enable full debug logging.
[ERROR] 
[ERROR] For more information about the errors and possible solutions, please read the following articles:
[ERROR] [Help 1] http://cwiki.apache.org/confluence/display/MAVEN/MojoFailureException
